
T16999.hs:6:5: error: Not a data constructor: ‘->’
