
records-exquant.hs:8:7: error:
    • Cannot use record selector ‘a’ as a function due to escaped type variables
      Probable fix: use pattern-matching syntax instead
    • In the expression: a (Showable True)
      In an equation for ‘qux’: qux = a (Showable True)
