
RepPolyRecordUpdate.hs:7:35: error:
    The first pattern in the equation for ‘fld’
    does not have a fixed runtime representation.
    Its type is:
      X a :: TYPE rep

RepPolyRecordUpdate.hs:13:19: error:
    • The function argument
        ‘meth ()’
      does not have a fixed runtime representation.
      Its type is:
        a :: TYPE rep
    • In the expression: meth ()
      In the expression: x {fld = meth ()}
      In an equation for ‘upd’: upd x = x {fld = meth ()}
