
when making flags consistent: warning:
    Optimization flags are incompatible with the byte-code interpreter; optimization flags ignored.
