
==================== Strictness signatures ====================
BottomFromInnerLambda.expensive: <1!P(SL)>
BottomFromInnerLambda.f: <1!P(SL)>



==================== Cpr signatures ====================
BottomFromInnerLambda.expensive: 1
BottomFromInnerLambda.f:



==================== Strictness signatures ====================
BottomFromInnerLambda.expensive: <1!P(1L)>
BottomFromInnerLambda.f: <1!P(1L)>


