
==================== Strictness signatures ====================
StrAnalExample.foo: <1L>



==================== Cpr signatures ====================
StrAnalExample.foo:



==================== Strictness signatures ====================
StrAnalExample.foo: <1L>


