
==================== Strictness signatures ====================
T13331.naiveInsertInt: <1L><L><1L>



==================== Cpr signatures ====================
T13331.naiveInsertInt:



==================== Strictness signatures ====================
T13331.naiveInsertInt: <1L><L><1L>


