
==================== Strictness signatures ====================
T16197b.f: <1!P(L)>



==================== Cpr signatures ====================
T16197b.f: 1



==================== Strictness signatures ====================
T16197b.f: <1!P(L)>


