
==================== Strictness signatures ====================
T17932.flags: <1!P(1L,1L)>



==================== Cpr signatures ====================
T17932.flags:



==================== Strictness signatures ====================
T17932.flags: <1!P(1L,1L)>


