
==================== Strictness signatures ====================
T20746b.f: <1L><L><L>
T20746b.mightThrow: <L><L>



==================== Cpr signatures ====================
T20746b.f: 1
T20746b.mightThrow: 1



==================== Strictness signatures ====================
T20746b.f: <1L><L><L>
T20746b.mightThrow: <L><L>


