
==================== Strictness signatures ====================
Foo.f: <MP(A,1C1(L),A)><L>
Foo.foogle: <L><L>



==================== Cpr signatures ====================
Foo.f: 1
Foo.foogle: 1



==================== Strictness signatures ====================
Foo.f: <MP(A,1C1(L),A)><L>
Foo.foogle: <L><L>


