
==================== Strictness signatures ====================
T8569.addUp: <1L><L>



==================== Cpr signatures ====================
T8569.addUp:



==================== Strictness signatures ====================
T8569.addUp: <1L><L>


