
==================== Strictness signatures ====================
T8598.fun: <1!P(L)>



==================== Cpr signatures ====================
T8598.fun: 1



==================== Strictness signatures ====================
T8598.fun: <1!P(L)>


