
==================== Strictness signatures ====================
UnsatFun.f: <1!S><B>b
UnsatFun.g: <1!S>b
UnsatFun.g': <MS>
UnsatFun.g3: <A>
UnsatFun.h: <1C1(L)>
UnsatFun.h2: <1L><MC1(L)>
UnsatFun.h3: <1C1(A)>



==================== Cpr signatures ====================
UnsatFun.f: b
UnsatFun.g:
UnsatFun.g':
UnsatFun.g3: 1
UnsatFun.h:
UnsatFun.h2:
UnsatFun.h3: 1



==================== Strictness signatures ====================
UnsatFun.f: <1!S><B>b
UnsatFun.g: <1!S>b
UnsatFun.g': <MS>
UnsatFun.g3: <A>
UnsatFun.h: <1C1(L)>
UnsatFun.h2: <1L><MC1(L)>
UnsatFun.h3: <1C1(A)>


