
==================== Tidy Core ====================
Result size of Tidy Core = {terms: 56, types: 87, coercions: 0, joins: 0/0}

-- RHS size: {terms: 2, types: 0, coercions: 0, joins: 0/0}
F5.f5g1 :: Integer
[GblId, Unf=Unf{Src=<vanilla>, TopLvl=True, Value=True, ConLike=True, WorkFree=True, Expandable=True, Guidance=IF_ARGS [] 10 10}]
F5.f5g1 = GHC.Num.Integer.IS 1#

-- RHS size: {terms: 12, types: 9, coercions: 0, joins: 0/0}
f5g :: forall {a} {t}. Num a => (t -> a) -> t -> a
[GblId,
 Arity=3,
 Str=<SP(1C1(C1(L)),A,A,A,A,A,MC1(L))><MC1(L)><L>,
 Unf=Unf{Src=InlineStable, TopLvl=True, Value=True, ConLike=True, WorkFree=True, Expandable=True, Guidance=ALWAYS_IF(arity=3,unsat_ok=True,boring_ok=False)
         Tmpl= \ (@a) (@t) ($dNum :: Num a) (h [Occ=Once1!] :: t -> a) (z [Occ=Once1] :: t) -> + @a $dNum (h z) (fromInteger @a $dNum F5.f5g1)}]
f5g = \ (@a) (@t) ($dNum :: Num a) (h :: t -> a) (z :: t) -> + @a $dNum (h z) (fromInteger @a $dNum F5.f5g1)

-- RHS size: {terms: 15, types: 12, coercions: 0, joins: 0/0}
F5.$wf5h [InlPrag=[2]] :: forall {a} {t}. (a -> a -> a) -> (Integer -> a) -> (t -> a) -> t -> (t -> a) -> a
[GblId, Arity=5, Str=<SCS(C1(L))><MC1(L)><MC1(L)><L><MC1(L)>, Unf=Unf{Src=<vanilla>, TopLvl=True, Value=True, ConLike=True, WorkFree=True, Expandable=True, Guidance=IF_ARGS [60 60 60 0 60] 120 0}]
F5.$wf5h = \ (@a) (@t) (ww :: a -> a -> a) (ww1 :: Integer -> a) (f :: t -> a) (x :: t) (g :: t -> a) -> ww (f x) (ww (g x) (ww1 F5.f5g1))

-- RHS size: {terms: 15, types: 30, coercions: 0, joins: 0/0}
f5h [InlPrag=[2]] :: forall {a} {t}. Num a => (t -> a) -> t -> (t -> a) -> a
[GblId,
 Arity=4,
 Str=<1P(SCS(C1(L)),A,A,A,A,A,MC1(L))><MC1(L)><L><MC1(L)>,
 Unf=Unf{Src=InlineStable, TopLvl=True, Value=True, ConLike=True, WorkFree=True, Expandable=True, Guidance=ALWAYS_IF(arity=4,unsat_ok=True,boring_ok=False)
         Tmpl= \ (@a) (@t) ($dNum [Occ=Once1!] :: Num a) (f [Occ=Once1] :: t -> a) (x [Occ=Once1] :: t) (g [Occ=Once1] :: t -> a) -> case $dNum of { GHC.Num.C:Num ww [Occ=Once1] _ [Occ=Dead] _ [Occ=Dead] _ [Occ=Dead] _ [Occ=Dead] _ [Occ=Dead] ww6 [Occ=Once1] -> F5.$wf5h @a @t ww ww6 f x g }}]
f5h = \ (@a) (@t) ($dNum :: Num a) (f :: t -> a) (x :: t) (g :: t -> a) -> case $dNum of { GHC.Num.C:Num ww ww1 ww2 ww3 ww4 ww5 ww6 -> F5.$wf5h @a @t ww ww6 f x g }

-- RHS size: {terms: 4, types: 1, coercions: 0, joins: 0/0}
f5y :: Integer -> Integer
[GblId, Arity=1, Str=<1L>, Unf=Unf{Src=<vanilla>, TopLvl=True, Value=True, ConLike=True, WorkFree=True, Expandable=True, Guidance=IF_ARGS [0] 30 0}]
f5y = \ (y :: Integer) -> GHC.Num.Integer.integerAdd y F5.f5g1

-- RHS size: {terms: 2, types: 0, coercions: 0, joins: 0/0}
f5 :: Integer
[GblId, Unf=Unf{Src=<vanilla>, TopLvl=True, Value=True, ConLike=True, WorkFree=True, Expandable=True, Guidance=IF_ARGS [] 10 10}]
f5 = GHC.Num.Integer.IS 3#



