
==================== Tidy Core ====================
Result size of Tidy Core = {terms: 57, types: 81, coercions: 0, joins: 0/3}

-- RHS size: {terms: 3, types: 2, coercions: 0, joins: 0/0}
F14.f1 :: forall {t}. t -> t
[GblId, Arity=1, Str=<1L>, Unf=Unf{Src=<vanilla>, TopLvl=True, Value=True, ConLike=True, WorkFree=True, Expandable=True, Guidance=ALWAYS_IF(arity=1,unsat_ok=True,boring_ok=True)}]
F14.f1 = \ (@t) (y :: t) -> y

-- RHS size: {terms: 2, types: 0, coercions: 0, joins: 0/0}
F14.f2 :: Integer
[GblId, Unf=Unf{Src=<vanilla>, TopLvl=True, Value=True, ConLike=True, WorkFree=True, Expandable=True, Guidance=IF_ARGS [] 10 10}]
F14.f2 = GHC.Num.Integer.IS 1#

-- RHS size: {terms: 35, types: 23, coercions: 0, joins: 0/3}
F14.$wf14 [InlPrag=[2]] :: forall {t}. (t -> t -> Bool) -> Num t => t -> t -> t -> t
[GblId, Arity=4, Str=<SCS(C1(L))><LP(LCS(C1(L)),A,A,A,A,A,MC1(L))><L><L>, Unf=Unf{Src=<vanilla>, TopLvl=True, Value=True, ConLike=True, WorkFree=True, Expandable=True, Guidance=IF_ARGS [60 90 0 0] 300 0}]
F14.$wf14
  = \ (@t) (ww :: t -> t -> Bool) ($dNum :: Num t) (eta :: t) (eta1 :: t) ->
      let {
        lvl :: t
        [LclId]
        lvl = fromInteger @t $dNum F14.f2 } in
      letrec {
        f3 [Occ=LoopBreaker, Dmd=SCS(C1(L))] :: t -> t -> t -> t
        [LclId, Arity=2, Str=<L><L>, Unf=OtherCon []]
        f3
          = \ (n :: t) (x :: t) ->
              case ww x n of {
                False -> F14.f1 @t;
                True ->
                  let {
                    v [Dmd=LCS(L)] :: t -> t
                    [LclId]
                    v = f3 n (+ @t $dNum x lvl) } in
                  \ (y :: t) -> v (+ @t $dNum x y)
              }; } in
      f3 eta eta1

-- RHS size: {terms: 13, types: 33, coercions: 0, joins: 0/0}
f14 [InlPrag=[2]] :: forall {t}. (Ord t, Num t) => t -> t -> t -> t
[GblId,
 Arity=4,
 Str=<1P(A,A,SCS(C1(L)),A,A,A,A,A)><LP(LCS(C1(L)),A,A,A,A,A,LCS(L))><L><L>,
 Unf=Unf{Src=InlineStable, TopLvl=True, Value=True, ConLike=True, WorkFree=True, Expandable=True, Guidance=ALWAYS_IF(arity=4,unsat_ok=True,boring_ok=False)
         Tmpl= \ (@t) ($dOrd [Occ=Once1!] :: Ord t) ($dNum [Occ=Once1] :: Num t) (eta [Occ=Once1] :: t) (eta1 [Occ=Once1] :: t) -> case $dOrd of { GHC.Classes.C:Ord _ [Occ=Dead] _ [Occ=Dead] ww2 [Occ=Once1] _ [Occ=Dead] _ [Occ=Dead] _ [Occ=Dead] _ [Occ=Dead] _ [Occ=Dead] -> F14.$wf14 @t ww2 $dNum eta eta1 }}]
f14 = \ (@t) ($dOrd :: Ord t) ($dNum :: Num t) (eta :: t) (eta1 :: t) -> case $dOrd of { GHC.Classes.C:Ord ww ww1 ww2 ww3 ww4 ww5 ww6 ww7 -> F14.$wf14 @t ww2 $dNum eta eta1 }



