
==================== Tidy Core ====================
Result size of Tidy Core
  = {terms: 22, types: 20, coercions: 0, joins: 0/0}

natural_to_word
  = \ eta ->
      case eta of {
        NS x1 -> Just (W# x1);
        NB ds -> Nothing
      }

integer_to_int
  = \ eta ->
      case eta of {
        IS ipv -> Just (I# ipv);
        IP x1 -> Nothing;
        IN ds -> Nothing
      }


------ Local rules for imported ids --------
"SPEC/Test toIntegralSized @Integer @Int"
    forall $dIntegral $dIntegral1 $dBits $dBits1.
      toIntegralSized $dIntegral $dIntegral1 $dBits $dBits1
      = integer_to_int
"SPEC/Test toIntegralSized @Natural @Word"
    forall $dIntegral $dIntegral1 $dBits $dBits1.
      toIntegralSized $dIntegral $dIntegral1 $dBits $dBits1
      = natural_to_word


