parsePlugin

<no location info>: A lambda requires at least one parameter
